---
source: tests/normal.rs
expression: svg.to_string().as_bytes().into_iter().cloned().collect()
extension: svg
snapshot_kind: binary
---
